C:\Users\Flavio\Desktop\Linguagens\PROJETOS\NetArq\Front Java\FrontEnd\src\main\java\org\example\controller\HomeController.java
C:\Users\Flavio\Desktop\Linguagens\PROJETOS\NetArq\Front Java\FrontEnd\src\main\java\org\example\controller\ResultadoController.java
C:\Users\Flavio\Desktop\Linguagens\PROJETOS\NetArq\Front Java\FrontEnd\src\main\java\org\example\Launcher.java
C:\Users\Flavio\Desktop\Linguagens\PROJETOS\NetArq\Front Java\FrontEnd\src\main\java\org\example\Main.java
C:\Users\Flavio\Desktop\Linguagens\PROJETOS\NetArq\Front Java\FrontEnd\src\main\java\org\example\model\Arquivo.java
C:\Users\Flavio\Desktop\Linguagens\PROJETOS\NetArq\Front Java\FrontEnd\src\main\java\org\example\model\Computador.java
C:\Users\Flavio\Desktop\Linguagens\PROJETOS\NetArq\Front Java\FrontEnd\src\main\java\org\example\model\Conexao.java
C:\Users\Flavio\Desktop\Linguagens\PROJETOS\NetArq\Front Java\FrontEnd\src\main\java\org\example\model\ListaComputador.java
C:\Users\Flavio\Desktop\Linguagens\PROJETOS\NetArq\Front Java\FrontEnd\src\main\java\org\example\service\ArquivoService.java
C:\Users\Flavio\Desktop\Linguagens\PROJETOS\NetArq\Front Java\FrontEnd\src\main\java\org\example\service\ComputadorService.java
C:\Users\Flavio\Desktop\Linguagens\PROJETOS\NetArq\Front Java\FrontEnd\src\main\java\org\example\service\NativoScanner.java
C:\Users\Flavio\Desktop\Linguagens\PROJETOS\NetArq\Front Java\FrontEnd\src\main\java\org\example\teste.java
